{
    "Property ID": "0000000",
    "Timestamp": "2022-11-11 00:00:00",
    "Property Images": [
        "https://lid.zoocdn.com/u/2400/1800/c5a70908b088053d271794fc503b8da67b698250.jpg"
    ],
    "Price": "000,000",
    "Address": "Coventry",
    "Bedrooms": "0 beds",
    "Bathroom": "0 baths",
    "Reception": "0 reception",
    "Description": " Test Description"
}